# serializer version: 1
# name: test_dbt
  '''
  ╭─ Error ──────────────────────────────────────────────────────────────────────╮
  │ Found following errors in profiles.yml. Please fix them before proceeding:   │
  │ dbt_integration_project                                                      │
  │  * Unsupported fields found: password in target dev                          │
  ╰──────────────────────────────────────────────────────────────────────────────╯
  
  '''
# ---
