# serializer version: 1
# name: test_sql_help_if_no_query_file_or_stdin
  '''
                                                                                  
   Usage: root sql [OPTIONS]                                                      
                                                                                  
   Executes Snowflake query.                                                      
   Use either query, filename or input option. Query to execute can be specified  
   using query option, filename option (all queries from file will be executed)   
   or via stdin by piping output from other command. For example cat my.sql |     
   snow sql -i. The command supports variable substitution that happens on        
   client-side.                                                                   
                                                                                  
  +- Options --------------------------------------------------------------------+
  | --query            -q      TEXT  Query to execute.                           |
  | --filename         -f      FILE  File to execute.                            |
  | --stdin            -i            Read the query from standard input. Use it  |
  |                                  when piping input to this command.          |
  | --variable         -D      TEXT  String in format of key=value. If provided  |
  |                                  the SQL content will be treated as template |
  |                                  and rendered using provided data.           |
  | --retain-comments                Retains comments in queries passed to       |
  |                                  Snowflake                                   |
  | --project          -p      TEXT  Path where the Snowflake project is stored. |
  |                                  Defaults to the current working directory.  |
  | --env                      TEXT  String in the format key=value. Overrides   |
  |                                  variables from the env section used for     |
  |                                  templates.                                  |
  | --help             -h            Show this message and exit.                 |
  +------------------------------------------------------------------------------+
  +- Connection configuration ---------------------------------------------------+
  | --connection,--environment     -c      TEXT     Name of the connection, as   |
  |                                                 defined in your config.toml  |
  |                                                 file. Default: default.      |
  | --host                                 TEXT     Host address for the         |
  |                                                 connection. Overrides the    |
  |                                                 value specified for the      |
  |                                                 connection.                  |
  | --port                                 INTEGER  Port for the connection.     |
  |                                                 Overrides the value          |
  |                                                 specified for the            |
  |                                                 connection.                  |
  | --account,--accountname                TEXT     Name assigned to your        |
  |                                                 Snowflake account. Overrides |
  |                                                 the value specified for the  |
  |                                                 connection.                  |
  | --user,--username                      TEXT     Username to connect to       |
  |                                                 Snowflake. Overrides the     |
  |                                                 value specified for the      |
  |                                                 connection.                  |
  | --password                             TEXT     Snowflake password.          |
  |                                                 Overrides the value          |
  |                                                 specified for the            |
  |                                                 connection.                  |
  | --authenticator                        TEXT     Snowflake authenticator.     |
  |                                                 Overrides the value          |
  |                                                 specified for the            |
  |                                                 connection.                  |
  | --private-key-file,--privateâ€¦          TEXT     Snowflake private key file   |
  |                                                 path. Overrides the value    |
  |                                                 specified for the            |
  |                                                 connection.                  |
  | --token-file-path                      TEXT     Path to file with an OAuth   |
  |                                                 token that should be used    |
  |                                                 when connecting to Snowflake |
  | --database,--dbname                    TEXT     Database to use. Overrides   |
  |                                                 the value specified for the  |
  |                                                 connection.                  |
  | --schema,--schemaname                  TEXT     Database schema to use.      |
  |                                                 Overrides the value          |
  |                                                 specified for the            |
  |                                                 connection.                  |
  | --role,--rolename                      TEXT     Role to use. Overrides the   |
  |                                                 value specified for the      |
  |                                                 connection.                  |
  | --warehouse                            TEXT     Warehouse to use. Overrides  |
  |                                                 the value specified for the  |
  |                                                 connection.                  |
  | --temporary-connection         -x               Uses a connection defined    |
  |                                                 with command line            |
  |                                                 parameters, instead of one   |
  |                                                 defined in config            |
  | --mfa-passcode                         TEXT     Token to use for             |
  |                                                 multi-factor authentication  |
  |                                                 (MFA)                        |
  | --enable-diag                                   Whether to generate a        |
  |                                                 connection diagnostic        |
  |                                                 report.                      |
  | --diag-log-path                        TEXT     Path for the generated       |
  |                                                 report. Defaults to system   |
  |                                                 temporary directory.         |
  | --diag-allowlist-path                  TEXT     Path to a JSON file          |
  |                                                 containing allowlist         |
  |                                                 parameters.                  |
  +------------------------------------------------------------------------------+
  +- Global configuration -------------------------------------------------------+
  | --format           [TABLE|JSON]  Specifies the output format.                |
  |                                  [default: TABLE]                            |
  | --verbose  -v                    Displays log entries for log levels info    |
  |                                  and higher.                                 |
  | --debug                          Displays log entries for log levels debug   |
  |                                  and higher; debug logs contain additional   |
  |                                  information.                                |
  | --silent                         Turns off intermediate output to console.   |
  +------------------------------------------------------------------------------+
  
  
  '''
# ---
