# serializer version: 1
# name: test_flags_have_default_values
  '''
  Given a prompt, the command generates a response using your choice of language model. In the simplest use case, the prompt is a single string. You may also provide a JSON file with conversation history including multiple prompts and responses for interactive chat-style usage.
  
  Syntax
  ===============================================================================
  
  .. code-block:: console
  
    snow cortex complete
      <text>
      --model <model>
      --file <file>
      --connection <connection>
      --host <host>
      --port <port>
      --account <account>
      --user <user>
      --password <password>
      --authenticator <authenticator>
      --private-key-file <private_key_file>
      --token-file-path <token_file_path>
      --database <database>
      --schema <schema>
      --role <role>
      --warehouse <warehouse>
      --temporary-connection
      --mfa-passcode <mfa_passcode>
      --enable-diag
      --diag-log-path <diag_log_path>
      --diag-allowlist-path <diag_allowlist_path>
      --format <format>
      --verbose
      --debug
      --silent
  
  Arguments
  ===============================================================================
  
  :samp:`{text}`
    Prompt to be used to generate a completion. Cannot be combined with --file option.
  
  Options
  ===============================================================================
  
  :samp:`--model {TEXT}`
    String specifying the model to be used. Default: snowflake-arctic.
  
  :samp:`--file {FILE}`
    JSON file containing conversation history to be used to generate a completion. Cannot be combined with TEXT argument.
  
  :samp:`--connection, -c, --environment {TEXT}`
    Name of the connection, as defined in your `config.toml` file. Default: `default`.
  
  :samp:`--host {TEXT}`
    Host address for the connection. Overrides the value specified for the connection.
  
  :samp:`--port {INTEGER}`
    Port for the connection. Overrides the value specified for the connection.
  
  :samp:`--account, --accountname {TEXT}`
    Name assigned to your Snowflake account. Overrides the value specified for the connection.
  
  :samp:`--user, --username {TEXT}`
    Username to connect to Snowflake. Overrides the value specified for the connection.
  
  :samp:`--password {TEXT}`
    Snowflake password. Overrides the value specified for the connection.
  
  :samp:`--authenticator {TEXT}`
    Snowflake authenticator. Overrides the value specified for the connection.
  
  :samp:`--private-key-file, --private-key-path {TEXT}`
    Snowflake private key file path. Overrides the value specified for the connection.
  
  :samp:`--token-file-path {TEXT}`
    Path to file with an OAuth token that should be used when connecting to Snowflake.
  
  :samp:`--database, --dbname {TEXT}`
    Database to use. Overrides the value specified for the connection.
  
  :samp:`--schema, --schemaname {TEXT}`
    Database schema to use. Overrides the value specified for the connection.
  
  :samp:`--role, --rolename {TEXT}`
    Role to use. Overrides the value specified for the connection.
  
  :samp:`--warehouse {TEXT}`
    Warehouse to use. Overrides the value specified for the connection.
  
  :samp:`--temporary-connection, -x`
    Uses a connection defined with command line parameters, instead of one defined in config. Default: False.
  
  :samp:`--mfa-passcode {TEXT}`
    Token to use for multi-factor authentication (MFA).
  
  :samp:`--enable-diag`
    Whether to generate a connection diagnostic report. Default: False.
  
  :samp:`--diag-log-path {TEXT}`
    Path for the generated report. Defaults to system temporary directory. Default: <system_temporary_directory>.
  
  :samp:`--diag-allowlist-path {TEXT}`
    Path to a JSON file containing allowlist parameters.
  
  :samp:`--format [TABLE|JSON]`
    Specifies the output format. Default: TABLE.
  
  :samp:`--verbose, -v`
    Displays log entries for log levels `info` and higher. Default: False.
  
  :samp:`--debug`
    Displays log entries for log levels `debug` and higher; debug logs contain additional information. Default: False.
  
  :samp:`--silent`
    Turns off intermediate output to console. Default: False.
  
  '''
# ---
