# serializer version: 1
# name: test_command_from_external_plugin
  '''
  +------------------------+
  | key      | value       |
  |----------+-------------|
  | GREETING | Hello John! |
  +------------------------+
  
  '''
# ---
# name: test_snow_help
  '''
                                                                                  
   Usage: snow [OPTIONS] COMMAND [ARGS]...                                        
                                                                                  
   Snowflake CLI tool for developers [v3.3.0]                                     
                                                                                  
  +- Options --------------------------------------------------------------------+
  | --version                           Shows version of the Snowflake CLI       |
  | --info                              Shows information about the Snowflake    |
  |                                     CLI                                      |
  | --config-file                 FILE  Specifies Snowflake CLI configuration    |
  |                                     file that should be used                 |
  |                                     [default: None]                          |
  | --install-completion                Install completion for the current       |
  |                                     shell.                                   |
  | --show-completion                   Show completion for the current shell,   |
  |                                     to copy it or customize the              |
  |                                     installation.                            |
  | --help                -h            Show this message and exit.              |
  +------------------------------------------------------------------------------+
  +- Commands -------------------------------------------------------------------+
  | app          Manages a Snowflake Native App                                  |
  | connection   Manages connections to Snowflake.                               |
  | cortex       Provides access to Snowflake Cortex.                            |
  | git          Manages git repositories in Snowflake.                          |
  | helpers      Helper commands.                                                |
  | init         Creates project directory from template.                        |
  | notebook     Manages notebooks in Snowflake.                                 |
  | object       Manages Snowflake objects like warehouses and stages            |
  | snowpark     Manages procedures and functions.                               |
  | spcs         Manages Snowpark Container Services compute pools, services,    |
  |              image registries, and image repositories.                       |
  | sql          Executes Snowflake query.                                       |
  | stage        Manages stages.                                                 |
  | streamlit    Manages a Streamlit app in Snowflake.                           |
  +------------------------------------------------------------------------------+
  
  
  '''
# ---
# name: test_snow_sql
  '''
  select round(ln(10), 2)
  +------------------+
  | ROUND(LN(10), 2) |
  |------------------|
  | 2.3              |
  +------------------+
  
  '''
# ---
