# serializer version: 1
# name: test_source_with_variables_and_templating_substitution
  '''
  Warning: &{ ... } syntax is deprecated. Use <% ... %> syntax instead.
  select 1;
  +---+
  | 1 |
  |---|
  | 1 |
  +---+
  select '73';
  +------+
  | '73' |
  |------|
  | 73   |
  +------+
  
  '''
# ---
# name: test_sql_source_command_from_user_input
  '''
  select 1;
  +---+
  | 1 |
  |---|
  | 1 |
  +---+
  select 42;
  +----+
  | 42 |
  |----|
  | 42 |
  +----+
  select 3;
  +---+
  | 3 |
  |---|
  | 3 |
  +---+
  
  '''
# ---
