# serializer version: 1
# name: test_multiple_files
  '''
  select round(ln(1), 4);
  +-----------------+
  | ROUND(LN(1), 4) |
  |-----------------|
  | 0.0             |
  +-----------------+
  select round(ln(10), 4);
  +------------------+
  | ROUND(LN(10), 4) |
  |------------------|
  | 2.3026           |
  +------------------+
  select round(ln(100), 4);
  +-------------------+
  | ROUND(LN(100), 4) |
  |-------------------|
  | 4.6052            |
  +-------------------+
  select round(ln(1), 4);
  +-----------------+
  | ROUND(LN(1), 4) |
  |-----------------|
  | 0.0             |
  +-----------------+
  select round(ln(10), 4);
  +------------------+
  | ROUND(LN(10), 4) |
  |------------------|
  | 2.3026           |
  +------------------+
  select round(ln(100), 4);
  +-------------------+
  | ROUND(LN(100), 4) |
  |-------------------|
  | 4.6052            |
  +-------------------+
  
  '''
# ---
# name: test_sql_source_command_from_user_input
  '''
  select 1;
  +---+
  | 1 |
  |---|
  | 1 |
  +---+
  select 42;
  +----+
  | 42 |
  |----|
  | 42 |
  +----+
  select 3;
  +---+
  | 3 |
  |---|
  | 3 |
  +---+
  
  '''
# ---
