# serializer version: 1
# name: test_silent_output_help
  '''
                                                                                  
   Usage: root streamlit get-url [OPTIONS] NAME                                   
                                                                                  
   Returns a URL to the specified Streamlit app                                   
                                                                                  
  +- Arguments ------------------------------------------------------------------+
  | *    name      TEXT  Identifier of the Streamlit app; for example:           |
  |                      my_streamlit                                            |
  |                      [required]                                              |
  +------------------------------------------------------------------------------+
  +- Options --------------------------------------------------------------------+
  | --open            Whether to open the Streamlit app in a browser.            |
  | --help  -h        Show this message and exit.                                |
  +------------------------------------------------------------------------------+
  +- Connection configuration ---------------------------------------------------+
  | --connection,--environment     -c      TEXT     Name of the connection, as   |
  |                                                 defined in your config.toml  |
  |                                                 file. Default: default.      |
  | --host                                 TEXT     Host address for the         |
  |                                                 connection. Overrides the    |
  |                                                 value specified for the      |
  |                                                 connection.                  |
  | --port                                 INTEGER  Port for the connection.     |
  |                                                 Overrides the value          |
  |                                                 specified for the            |
  |                                                 connection.                  |
  | --account,--accountname                TEXT     Name assigned to your        |
  |                                                 Snowflake account. Overrides |
  |                                                 the value specified for the  |
  |                                                 connection.                  |
  | --user,--username                      TEXT     Username to connect to       |
  |                                                 Snowflake. Overrides the     |
  |                                                 value specified for the      |
  |                                                 connection.                  |
  | --password                             TEXT     Snowflake password.          |
  |                                                 Overrides the value          |
  |                                                 specified for the            |
  |                                                 connection.                  |
  | --authenticator                        TEXT     Snowflake authenticator.     |
  |                                                 Overrides the value          |
  |                                                 specified for the            |
  |                                                 connection.                  |
  | --private-key-file,--private…          TEXT     Snowflake private key file   |
  |                                                 path. Overrides the value    |
  |                                                 specified for the            |
  |                                                 connection.                  |
  | --token-file-path                      TEXT     Path to file with an OAuth   |
  |                                                 token to use when connecting |
  |                                                 to Snowflake.                |
  | --database,--dbname                    TEXT     Database to use. Overrides   |
  |                                                 the value specified for the  |
  |                                                 connection.                  |
  | --schema,--schemaname                  TEXT     Database schema to use.      |
  |                                                 Overrides the value          |
  |                                                 specified for the            |
  |                                                 connection.                  |
  | --role,--rolename                      TEXT     Role to use. Overrides the   |
  |                                                 value specified for the      |
  |                                                 connection.                  |
  | --warehouse                            TEXT     Warehouse to use. Overrides  |
  |                                                 the value specified for the  |
  |                                                 connection.                  |
  | --temporary-connection         -x               Uses a connection defined    |
  |                                                 with command line            |
  |                                                 parameters, instead of one   |
  |                                                 defined in config            |
  | --mfa-passcode                         TEXT     Token to use for             |
  |                                                 multi-factor authentication  |
  |                                                 (MFA)                        |
  | --enable-diag                                   Whether to generate a        |
  |                                                 connection diagnostic        |
  |                                                 report.                      |
  | --diag-log-path                        TEXT     Path for the generated       |
  |                                                 report. Defaults to system   |
  |                                                 temporary directory.         |
  | --diag-allowlist-path                  TEXT     Path to a JSON file that     |
  |                                                 contains allowlist           |
  |                                                 parameters.                  |
  | --oauth-client-id                      TEXT     OAuth client ID to use when  |
  |                                                 connecting to Snowflake.     |
  | --oauth-client-secret                  TEXT     OAuth client secret to use   |
  |                                                 when connecting to           |
  |                                                 Snowflake.                   |
  | --oauth-authorization-url              TEXT     OAuth authorization URL to   |
  |                                                 use when connecting to       |
  |                                                 Snowflake.                   |
  | --oauth-redirect-uri                   TEXT     OAuth redirect URI to use    |
  |                                                 when connecting to           |
  |                                                 Snowflake.                   |
  | --oauth-scope                          TEXT     OAuth scope to use when      |
  |                                                 connecting to Snowflake.     |
  | --oauth-security-features              TEXT     OAuth security features to   |
  |                                                 use when connecting to       |
  |                                                 Snowflake. Expects a         |
  |                                                 comma-separated list of      |
  |                                                 values.                      |
  | --client-store-temporary-cre…                   Store the temporary          |
  |                                                 credential.                  |
  +------------------------------------------------------------------------------+
  +- Global configuration -------------------------------------------------------+
  | --format                       [TABLE|JSON]  Specifies the output format.    |
  |                                              [default: TABLE]                |
  | --verbose              -v                    Displays log entries for log    |
  |                                              levels info and higher.         |
  | --debug                                      Displays log entries for log    |
  |                                              levels debug and higher; debug  |
  |                                              logs contain additional         |
  |                                              information.                    |
  | --silent                                     Turns off intermediate output   |
  |                                              to console.                     |
  | --enhanced-exit-codes                        Differentiate exit error codes  |
  |                                              based on failure type.          |
  |                                              [env var:                       |
  |                                              SNOWFLAKE_ENHANCED_EXIT_CODES]  |
  +------------------------------------------------------------------------------+
  
  
  '''
# ---
